// Jest Snapshot v1, https://goo.gl/fbAQLP

exports[`Displays BucketList component 1`] = `
<tr>
  <td
    className="bucket-name"
    onClick={[Function]}
  />
  <td />
  <td />
  <td>
    <span
      className="glyphicon glyphicon-pencil edit"
      onClick={[Function]}
    />
    <span
      className="glyphicon glyphicon-trash remove"
      onClick={[Function]}
    />
  </td>
  <div
    className="notification-container notification-container-empty"
  >
    <span />
  </div>
</tr>
`;
