// Jest Snapshot v1, https://goo.gl/fbAQLP

exports[`Component: Login Displays Login 1`] = `
<div
  className="container-fluid text-center "
>
  <div
    className="col-md-4 col-md-offset-4 col-sm-9 auth-box"
  >
    <div
      className="panel panel-primary"
    >
      <div
        className="panel-heading"
      >
        <h4
          className="panel-title"
        >
          Login
        </h4>
      </div>
      <div
        className="panel-body"
      >
        <form
          onSubmit={[Function]}
        >
          <div
            className="modal-body"
          >
            <div
              className="form-group"
            >
              <input
                className="form-control"
                name="email"
                onChange={[Function]}
                placeholder="Email"
                required={true}
                type="email"
                value=""
              />
            </div>
            <div
              className="form-group"
            >
              <input
                className="form-control"
                name="password"
                onChange={[Function]}
                placeholder="Password"
                required={true}
                type="password"
                value=""
              />
            </div>
          </div>
          <div
            className="modal-footer"
          >
            <div>
              <button
                className="btn btn-primary btn-lg btn-block"
                type="submit"
              >
                Login
              </button>
            </div>
            <div>
              <a
                className="btn btn-link"
                href="/register"
                onClick={[Function]}
              >
                Register
              </a>
              <a
                className="btn btn-link"
                href="/forgot_password"
                onClick={[Function]}
              >
                Forgot Password
              </a>
            </div>
          </div>
        </form>
      </div>
    </div>
  </div>
</div>
`;

exports[`Displays NavBar 1`] = `
<div
  className="container-fluid text-center "
>
  <div
    className="col-md-4 col-md-offset-4 col-sm-9 auth-box"
  >
    <div
      className="panel panel-primary"
    >
      <div
        className="panel-heading"
      >
        <h4
          className="panel-title"
        >
          Login
        </h4>
      </div>
      <div
        className="panel-body"
      >
        <form
          onSubmit={[Function]}
        >
          <div
            className="modal-body"
          >
            <div
              className="form-group"
            >
              <input
                className="form-control"
                name="email"
                onChange={[Function]}
                placeholder="Email"
                required={true}
                type="email"
                value=""
              />
            </div>
            <div
              className="form-group"
            >
              <input
                className="form-control"
                name="password"
                onChange={[Function]}
                placeholder="Password"
                required={true}
                type="password"
                value=""
              />
            </div>
          </div>
          <div
            className="modal-footer"
          >
            <div>
              <button
                className="btn btn-primary btn-lg btn-block"
                type="submit"
              >
                Login
              </button>
            </div>
            <div>
              <a
                className="btn btn-link"
                href="/register"
                onClick={[Function]}
              >
                Register
              </a>
              <a
                className="btn btn-link"
                href="/forgot_password"
                onClick={[Function]}
              >
                Forgot Password
              </a>
            </div>
          </div>
        </form>
      </div>
    </div>
  </div>
</div>
`;
